#-----------------------------------------------------------
# Vivado v2025.2 (64-bit)
# SW Build 6299465 on Fri Nov 14 19:35:11 GMT 2025
# IP Build 6300035 on Fri Nov 14 10:48:45 MST 2025
# SharedData Build 6298862 on Thu Nov 13 04:50:51 MST 2025
# Start of session at: Tue Sep 22 16:26:19 2026
# Process ID         : 65724
# Current directory  : C:/PROJECTS_FPGA/Home_tasks/HT1/ht7_alu/ht7_alu.runs/synth_1
# Command line       : vivado.exe -log alu.vds -product Vivado -mode batch -messageDb vivado.pb -notrace -source alu.tcl
# Log file           : C:/PROJECTS_FPGA/Home_tasks/HT1/ht7_alu/ht7_alu.runs/synth_1/alu.vds
# Journal file       : C:/PROJECTS_FPGA/Home_tasks/HT1/ht7_alu/ht7_alu.runs/synth_1\vivado.jou
# Running On         : SERHII_WORK
# Platform           : Windows Server 2016 or Windows 10
# Operating System   : 26200
# Processor Detail   : Intel(R) Core(TM) i7-14700
# CPU Frequency      : 2112 MHz
# CPU Physical cores : 20
# CPU Logical cores  : 28
# Host memory        : 16851 MB
# Swap memory        : 20298 MB
# Total Virtual      : 37150 MB
# Available Virtual  : 15642 MB
#-----------------------------------------------------------
source alu.tcl -notrace
