#-----------------------------------------------------------
# Vivado v2025.2 (64-bit)
# SW Build 6299465 on Fri Nov 14 19:35:11 GMT 2025
# IP Build 6300035 on Fri Nov 14 10:48:45 MST 2025
# SharedData Build 6298862 on Thu Nov 13 04:50:51 MST 2025
# Start of session at: Tue Sep  1 16:05:20 2026
# Process ID         : 26196
# Current directory  : C:/PROJECTS_FPGA/Home_tasks/HT1/simplest_decoder/simplest_decoder.runs/synth_1
# Command line       : vivado.exe -log decoder.vds -product Vivado -mode batch -messageDb vivado.pb -notrace -source decoder.tcl
# Log file           : C:/PROJECTS_FPGA/Home_tasks/HT1/simplest_decoder/simplest_decoder.runs/synth_1/decoder.vds
# Journal file       : C:/PROJECTS_FPGA/Home_tasks/HT1/simplest_decoder/simplest_decoder.runs/synth_1\vivado.jou
# Running On         : SERHII_WORK
# Platform           : Windows Server 2016 or Windows 10
# Operating System   : 26200
# Processor Detail   : Intel(R) Core(TM) i7-14700
# CPU Frequency      : 2112 MHz
# CPU Physical cores : 20
# CPU Logical cores  : 28
# Host memory        : 16851 MB
# Swap memory        : 23831 MB
# Total Virtual      : 40683 MB
# Available Virtual  : 16847 MB
#-----------------------------------------------------------
source decoder.tcl -notrace
